// Jest Snapshot v1, https://goo.gl/fbAQLP

exports[`Comment 1`] = `
"# line1

"
`;

exports[`Comment multiline 1`] = `
"# line1
# line2

# line3
# line4

"
`;
