// Jest Snapshot v1, https://goo.gl/fbAQLP

exports[`Data 1`] = `
"data \\"type\\" \\"name\\"{
arg0 = \\"a\\"
arg1 = [
\\"b\\",
\\"c\\",
\\"d\\",
]
arg2 = 0
arg3 = [
1,
2,
3,
]
arg4 = true
arg5 = [
false,
true,
false,
]
arg6 = \\"\${type.name.attr}\\"
arg7 = [
\\"\${type.name.attr}\\",
\\"\${type.name.attr}\\",
\\"\${type.name.attr}\\",
]
arg8 = \\"\${type.name}\\"
arg9 = [
\\"\${type.name}\\",
\\"\${type.name}\\",
\\"\${type.name}\\",
]
arg10 = [
\\"e\\",
4,
true,
\\"\${type.name.attr}\\",
\\"\${type.name}\\",
]
arg11 = \\"\${arg}\\"
arg12 = \\"\${type.name.attr}\\"
arg13 = as is
arg14 = <<EOT
heredoc
EOT
arg15 = \\"\${fn(1, 2, 3)}\\"
arg16 = \\"\${fn(type.name.attr, type.name.attr, type.name.attr)}\\"
arg100 {
arg0 = \\"a\\"
arg1 = [
\\"b\\",
\\"c\\",
\\"d\\",
]
arg2 = 0
arg3 = [
1,
2,
3,
]
arg4 = true
arg5 = [
false,
true,
false,
]
arg6 = \\"\${type.name.attr}\\"
arg7 = [
\\"\${type.name.attr}\\",
\\"\${type.name.attr}\\",
\\"\${type.name.attr}\\",
]
arg8 = \\"\${type.name}\\"
arg9 = [
\\"\${type.name}\\",
\\"\${type.name}\\",
\\"\${type.name}\\",
]
arg10 = [
\\"e\\",
4,
true,
\\"\${type.name.attr}\\",
\\"\${type.name}\\",
]
arg11 = \\"\${arg}\\"
arg12 = \\"\${type.name.attr}\\"
arg13 = as is
arg14 = <<EOT
heredoc
EOT
arg15 = \\"\${fn(1, 2, 3)}\\"
arg16 = \\"\${fn(type.name.attr, type.name.attr, type.name.attr)}\\"
}
arg101 {
arg0 = \\"a\\"
arg1 = [
\\"b\\",
\\"c\\",
\\"d\\",
]
arg2 = 0
arg3 = [
1,
2,
3,
]
arg4 = true
arg5 = [
false,
true,
false,
]
arg6 = \\"\${type.name.attr}\\"
arg7 = [
\\"\${type.name.attr}\\",
\\"\${type.name.attr}\\",
\\"\${type.name.attr}\\",
]
arg8 = \\"\${type.name}\\"
arg9 = [
\\"\${type.name}\\",
\\"\${type.name}\\",
\\"\${type.name}\\",
]
arg10 = [
\\"e\\",
4,
true,
\\"\${type.name.attr}\\",
\\"\${type.name}\\",
]
arg11 = \\"\${arg}\\"
arg12 = \\"\${type.name.attr}\\"
arg13 = as is
arg14 = <<EOT
heredoc
EOT
arg15 = \\"\${fn(1, 2, 3)}\\"
arg16 = \\"\${fn(type.name.attr, type.name.attr, type.name.attr)}\\"
arg100 {
arg0 = \\"a\\"
arg1 = [
\\"b\\",
\\"c\\",
\\"d\\",
]
arg2 = 0
arg3 = [
1,
2,
3,
]
arg4 = true
arg5 = [
false,
true,
false,
]
arg6 = \\"\${type.name.attr}\\"
arg7 = [
\\"\${type.name.attr}\\",
\\"\${type.name.attr}\\",
\\"\${type.name.attr}\\",
]
arg8 = \\"\${type.name}\\"
arg9 = [
\\"\${type.name}\\",
\\"\${type.name}\\",
\\"\${type.name}\\",
]
arg10 = [
\\"e\\",
4,
true,
\\"\${type.name.attr}\\",
\\"\${type.name}\\",
]
arg11 = \\"\${arg}\\"
arg12 = \\"\${type.name.attr}\\"
arg13 = as is
arg14 = <<EOT
heredoc
EOT
arg15 = \\"\${fn(1, 2, 3)}\\"
arg16 = \\"\${fn(type.name.attr, type.name.attr, type.name.attr)}\\"
}
}
arg101 {
arg0 = \\"a\\"
arg1 = [
\\"b\\",
\\"c\\",
\\"d\\",
]
arg2 = 0
arg3 = [
1,
2,
3,
]
arg4 = true
arg5 = [
false,
true,
false,
]
arg6 = \\"\${type.name.attr}\\"
arg7 = [
\\"\${type.name.attr}\\",
\\"\${type.name.attr}\\",
\\"\${type.name.attr}\\",
]
arg8 = \\"\${type.name}\\"
arg9 = [
\\"\${type.name}\\",
\\"\${type.name}\\",
\\"\${type.name}\\",
]
arg10 = [
\\"e\\",
4,
true,
\\"\${type.name.attr}\\",
\\"\${type.name}\\",
]
arg11 = \\"\${arg}\\"
arg12 = \\"\${type.name.attr}\\"
arg13 = as is
arg14 = <<EOT
heredoc
EOT
arg15 = \\"\${fn(1, 2, 3)}\\"
arg16 = \\"\${fn(type.name.attr, type.name.attr, type.name.attr)}\\"
arg100 {
arg0 = \\"a\\"
arg1 = [
\\"b\\",
\\"c\\",
\\"d\\",
]
arg2 = 0
arg3 = [
1,
2,
3,
]
arg4 = true
arg5 = [
false,
true,
false,
]
arg6 = \\"\${type.name.attr}\\"
arg7 = [
\\"\${type.name.attr}\\",
\\"\${type.name.attr}\\",
\\"\${type.name.attr}\\",
]
arg8 = \\"\${type.name}\\"
arg9 = [
\\"\${type.name}\\",
\\"\${type.name}\\",
\\"\${type.name}\\",
]
arg10 = [
\\"e\\",
4,
true,
\\"\${type.name.attr}\\",
\\"\${type.name}\\",
]
arg11 = \\"\${arg}\\"
arg12 = \\"\${type.name.attr}\\"
arg13 = as is
arg14 = <<EOT
heredoc
EOT
arg15 = \\"\${fn(1, 2, 3)}\\"
arg16 = \\"\${fn(type.name.attr, type.name.attr, type.name.attr)}\\"
}
}
arg101 {
arg0 = \\"a\\"
arg1 = [
\\"b\\",
\\"c\\",
\\"d\\",
]
arg2 = 0
arg3 = [
1,
2,
3,
]
arg4 = true
arg5 = [
false,
true,
false,
]
arg6 = \\"\${type.name.attr}\\"
arg7 = [
\\"\${type.name.attr}\\",
\\"\${type.name.attr}\\",
\\"\${type.name.attr}\\",
]
arg8 = \\"\${type.name}\\"
arg9 = [
\\"\${type.name}\\",
\\"\${type.name}\\",
\\"\${type.name}\\",
]
arg10 = [
\\"e\\",
4,
true,
\\"\${type.name.attr}\\",
\\"\${type.name}\\",
]
arg11 = \\"\${arg}\\"
arg12 = \\"\${type.name.attr}\\"
arg13 = as is
arg14 = <<EOT
heredoc
EOT
arg15 = \\"\${fn(1, 2, 3)}\\"
arg16 = \\"\${fn(type.name.attr, type.name.attr, type.name.attr)}\\"
arg100 {
arg0 = \\"a\\"
arg1 = [
\\"b\\",
\\"c\\",
\\"d\\",
]
arg2 = 0
arg3 = [
1,
2,
3,
]
arg4 = true
arg5 = [
false,
true,
false,
]
arg6 = \\"\${type.name.attr}\\"
arg7 = [
\\"\${type.name.attr}\\",
\\"\${type.name.attr}\\",
\\"\${type.name.attr}\\",
]
arg8 = \\"\${type.name}\\"
arg9 = [
\\"\${type.name}\\",
\\"\${type.name}\\",
\\"\${type.name}\\",
]
arg10 = [
\\"e\\",
4,
true,
\\"\${type.name.attr}\\",
\\"\${type.name}\\",
]
arg11 = \\"\${arg}\\"
arg12 = \\"\${type.name.attr}\\"
arg13 = as is
arg14 = <<EOT
heredoc
EOT
arg15 = \\"\${fn(1, 2, 3)}\\"
arg16 = \\"\${fn(type.name.attr, type.name.attr, type.name.attr)}\\"
}
}
arg102 = {
arg0 = \\"a\\"
arg1 = [
\\"b\\",
\\"c\\",
\\"d\\",
]
arg2 = 0
arg3 = [
1,
2,
3,
]
arg4 = true
arg5 = [
false,
true,
false,
]
arg6 = \\"\${type.name.attr}\\"
arg7 = [
\\"\${type.name.attr}\\",
\\"\${type.name.attr}\\",
\\"\${type.name.attr}\\",
]
arg8 = \\"\${type.name}\\"
arg9 = [
\\"\${type.name}\\",
\\"\${type.name}\\",
\\"\${type.name}\\",
]
arg10 = [
\\"e\\",
4,
true,
\\"\${type.name.attr}\\",
\\"\${type.name}\\",
]
arg11 = \\"\${arg}\\"
arg12 = \\"\${type.name.attr}\\"
arg13 = as is
arg14 = <<EOT
heredoc
EOT
arg15 = \\"\${fn(1, 2, 3)}\\"
arg16 = \\"\${fn(type.name.attr, type.name.attr, type.name.attr)}\\"
arg100 {
arg0 = \\"a\\"
arg1 = [
\\"b\\",
\\"c\\",
\\"d\\",
]
arg2 = 0
arg3 = [
1,
2,
3,
]
arg4 = true
arg5 = [
false,
true,
false,
]
arg6 = \\"\${type.name.attr}\\"
arg7 = [
\\"\${type.name.attr}\\",
\\"\${type.name.attr}\\",
\\"\${type.name.attr}\\",
]
arg8 = \\"\${type.name}\\"
arg9 = [
\\"\${type.name}\\",
\\"\${type.name}\\",
\\"\${type.name}\\",
]
arg10 = [
\\"e\\",
4,
true,
\\"\${type.name.attr}\\",
\\"\${type.name}\\",
]
arg11 = \\"\${arg}\\"
arg12 = \\"\${type.name.attr}\\"
arg13 = as is
arg14 = <<EOT
heredoc
EOT
arg15 = \\"\${fn(1, 2, 3)}\\"
arg16 = \\"\${fn(type.name.attr, type.name.attr, type.name.attr)}\\"
}
arg101 {
arg0 = \\"a\\"
arg1 = [
\\"b\\",
\\"c\\",
\\"d\\",
]
arg2 = 0
arg3 = [
1,
2,
3,
]
arg4 = true
arg5 = [
false,
true,
false,
]
arg6 = \\"\${type.name.attr}\\"
arg7 = [
\\"\${type.name.attr}\\",
\\"\${type.name.attr}\\",
\\"\${type.name.attr}\\",
]
arg8 = \\"\${type.name}\\"
arg9 = [
\\"\${type.name}\\",
\\"\${type.name}\\",
\\"\${type.name}\\",
]
arg10 = [
\\"e\\",
4,
true,
\\"\${type.name.attr}\\",
\\"\${type.name}\\",
]
arg11 = \\"\${arg}\\"
arg12 = \\"\${type.name.attr}\\"
arg13 = as is
arg14 = <<EOT
heredoc
EOT
arg15 = \\"\${fn(1, 2, 3)}\\"
arg16 = \\"\${fn(type.name.attr, type.name.attr, type.name.attr)}\\"
arg100 {
arg0 = \\"a\\"
arg1 = [
\\"b\\",
\\"c\\",
\\"d\\",
]
arg2 = 0
arg3 = [
1,
2,
3,
]
arg4 = true
arg5 = [
false,
true,
false,
]
arg6 = \\"\${type.name.attr}\\"
arg7 = [
\\"\${type.name.attr}\\",
\\"\${type.name.attr}\\",
\\"\${type.name.attr}\\",
]
arg8 = \\"\${type.name}\\"
arg9 = [
\\"\${type.name}\\",
\\"\${type.name}\\",
\\"\${type.name}\\",
]
arg10 = [
\\"e\\",
4,
true,
\\"\${type.name.attr}\\",
\\"\${type.name}\\",
]
arg11 = \\"\${arg}\\"
arg12 = \\"\${type.name.attr}\\"
arg13 = as is
arg14 = <<EOT
heredoc
EOT
arg15 = \\"\${fn(1, 2, 3)}\\"
arg16 = \\"\${fn(type.name.attr, type.name.attr, type.name.attr)}\\"
}
}
arg101 {
arg0 = \\"a\\"
arg1 = [
\\"b\\",
\\"c\\",
\\"d\\",
]
arg2 = 0
arg3 = [
1,
2,
3,
]
arg4 = true
arg5 = [
false,
true,
false,
]
arg6 = \\"\${type.name.attr}\\"
arg7 = [
\\"\${type.name.attr}\\",
\\"\${type.name.attr}\\",
\\"\${type.name.attr}\\",
]
arg8 = \\"\${type.name}\\"
arg9 = [
\\"\${type.name}\\",
\\"\${type.name}\\",
\\"\${type.name}\\",
]
arg10 = [
\\"e\\",
4,
true,
\\"\${type.name.attr}\\",
\\"\${type.name}\\",
]
arg11 = \\"\${arg}\\"
arg12 = \\"\${type.name.attr}\\"
arg13 = as is
arg14 = <<EOT
heredoc
EOT
arg15 = \\"\${fn(1, 2, 3)}\\"
arg16 = \\"\${fn(type.name.attr, type.name.attr, type.name.attr)}\\"
arg100 {
arg0 = \\"a\\"
arg1 = [
\\"b\\",
\\"c\\",
\\"d\\",
]
arg2 = 0
arg3 = [
1,
2,
3,
]
arg4 = true
arg5 = [
false,
true,
false,
]
arg6 = \\"\${type.name.attr}\\"
arg7 = [
\\"\${type.name.attr}\\",
\\"\${type.name.attr}\\",
\\"\${type.name.attr}\\",
]
arg8 = \\"\${type.name}\\"
arg9 = [
\\"\${type.name}\\",
\\"\${type.name}\\",
\\"\${type.name}\\",
]
arg10 = [
\\"e\\",
4,
true,
\\"\${type.name.attr}\\",
\\"\${type.name}\\",
]
arg11 = \\"\${arg}\\"
arg12 = \\"\${type.name.attr}\\"
arg13 = as is
arg14 = <<EOT
heredoc
EOT
arg15 = \\"\${fn(1, 2, 3)}\\"
arg16 = \\"\${fn(type.name.attr, type.name.attr, type.name.attr)}\\"
}
}
arg101 {
arg0 = \\"a\\"
arg1 = [
\\"b\\",
\\"c\\",
\\"d\\",
]
arg2 = 0
arg3 = [
1,
2,
3,
]
arg4 = true
arg5 = [
false,
true,
false,
]
arg6 = \\"\${type.name.attr}\\"
arg7 = [
\\"\${type.name.attr}\\",
\\"\${type.name.attr}\\",
\\"\${type.name.attr}\\",
]
arg8 = \\"\${type.name}\\"
arg9 = [
\\"\${type.name}\\",
\\"\${type.name}\\",
\\"\${type.name}\\",
]
arg10 = [
\\"e\\",
4,
true,
\\"\${type.name.attr}\\",
\\"\${type.name}\\",
]
arg11 = \\"\${arg}\\"
arg12 = \\"\${type.name.attr}\\"
arg13 = as is
arg14 = <<EOT
heredoc
EOT
arg15 = \\"\${fn(1, 2, 3)}\\"
arg16 = \\"\${fn(type.name.attr, type.name.attr, type.name.attr)}\\"
arg100 {
arg0 = \\"a\\"
arg1 = [
\\"b\\",
\\"c\\",
\\"d\\",
]
arg2 = 0
arg3 = [
1,
2,
3,
]
arg4 = true
arg5 = [
false,
true,
false,
]
arg6 = \\"\${type.name.attr}\\"
arg7 = [
\\"\${type.name.attr}\\",
\\"\${type.name.attr}\\",
\\"\${type.name.attr}\\",
]
arg8 = \\"\${type.name}\\"
arg9 = [
\\"\${type.name}\\",
\\"\${type.name}\\",
\\"\${type.name}\\",
]
arg10 = [
\\"e\\",
4,
true,
\\"\${type.name.attr}\\",
\\"\${type.name}\\",
]
arg11 = \\"\${arg}\\"
arg12 = \\"\${type.name.attr}\\"
arg13 = as is
arg14 = <<EOT
heredoc
EOT
arg15 = \\"\${fn(1, 2, 3)}\\"
arg16 = \\"\${fn(type.name.attr, type.name.attr, type.name.attr)}\\"
}
}
}
}

"
`;

exports[`Data 2`] = `
"data \\"type\\" \\"name\\"{
arg0 = \\"a\\"
arg1 = [
\\"b\\",
\\"c\\",
\\"d\\",
]
arg2 = 0
arg3 = [
1,
2,
3,
]
arg4 = true
arg5 = [
false,
true,
false,
]
arg6 = type.name.attr
arg7 = [
type.name.attr,
type.name.attr,
type.name.attr,
]
arg8 = type.name
arg9 = [
type.name,
type.name,
type.name,
]
arg10 = [
\\"e\\",
4,
true,
type.name.attr,
type.name,
]
arg11 = arg
arg12 = type.name.attr
arg13 = as is
arg14 = <<EOT
heredoc
EOT
arg15 = fn(1, 2, 3)
arg16 = fn(type.name.attr, type.name.attr, type.name.attr)
arg100 {
arg0 = \\"a\\"
arg1 = [
\\"b\\",
\\"c\\",
\\"d\\",
]
arg2 = 0
arg3 = [
1,
2,
3,
]
arg4 = true
arg5 = [
false,
true,
false,
]
arg6 = type.name.attr
arg7 = [
type.name.attr,
type.name.attr,
type.name.attr,
]
arg8 = type.name
arg9 = [
type.name,
type.name,
type.name,
]
arg10 = [
\\"e\\",
4,
true,
type.name.attr,
type.name,
]
arg11 = arg
arg12 = type.name.attr
arg13 = as is
arg14 = <<EOT
heredoc
EOT
arg15 = fn(1, 2, 3)
arg16 = fn(type.name.attr, type.name.attr, type.name.attr)
}
arg101 {
arg0 = \\"a\\"
arg1 = [
\\"b\\",
\\"c\\",
\\"d\\",
]
arg2 = 0
arg3 = [
1,
2,
3,
]
arg4 = true
arg5 = [
false,
true,
false,
]
arg6 = type.name.attr
arg7 = [
type.name.attr,
type.name.attr,
type.name.attr,
]
arg8 = type.name
arg9 = [
type.name,
type.name,
type.name,
]
arg10 = [
\\"e\\",
4,
true,
type.name.attr,
type.name,
]
arg11 = arg
arg12 = type.name.attr
arg13 = as is
arg14 = <<EOT
heredoc
EOT
arg15 = fn(1, 2, 3)
arg16 = fn(type.name.attr, type.name.attr, type.name.attr)
arg100 {
arg0 = \\"a\\"
arg1 = [
\\"b\\",
\\"c\\",
\\"d\\",
]
arg2 = 0
arg3 = [
1,
2,
3,
]
arg4 = true
arg5 = [
false,
true,
false,
]
arg6 = type.name.attr
arg7 = [
type.name.attr,
type.name.attr,
type.name.attr,
]
arg8 = type.name
arg9 = [
type.name,
type.name,
type.name,
]
arg10 = [
\\"e\\",
4,
true,
type.name.attr,
type.name,
]
arg11 = arg
arg12 = type.name.attr
arg13 = as is
arg14 = <<EOT
heredoc
EOT
arg15 = fn(1, 2, 3)
arg16 = fn(type.name.attr, type.name.attr, type.name.attr)
}
}
arg101 {
arg0 = \\"a\\"
arg1 = [
\\"b\\",
\\"c\\",
\\"d\\",
]
arg2 = 0
arg3 = [
1,
2,
3,
]
arg4 = true
arg5 = [
false,
true,
false,
]
arg6 = type.name.attr
arg7 = [
type.name.attr,
type.name.attr,
type.name.attr,
]
arg8 = type.name
arg9 = [
type.name,
type.name,
type.name,
]
arg10 = [
\\"e\\",
4,
true,
type.name.attr,
type.name,
]
arg11 = arg
arg12 = type.name.attr
arg13 = as is
arg14 = <<EOT
heredoc
EOT
arg15 = fn(1, 2, 3)
arg16 = fn(type.name.attr, type.name.attr, type.name.attr)
arg100 {
arg0 = \\"a\\"
arg1 = [
\\"b\\",
\\"c\\",
\\"d\\",
]
arg2 = 0
arg3 = [
1,
2,
3,
]
arg4 = true
arg5 = [
false,
true,
false,
]
arg6 = type.name.attr
arg7 = [
type.name.attr,
type.name.attr,
type.name.attr,
]
arg8 = type.name
arg9 = [
type.name,
type.name,
type.name,
]
arg10 = [
\\"e\\",
4,
true,
type.name.attr,
type.name,
]
arg11 = arg
arg12 = type.name.attr
arg13 = as is
arg14 = <<EOT
heredoc
EOT
arg15 = fn(1, 2, 3)
arg16 = fn(type.name.attr, type.name.attr, type.name.attr)
}
}
arg101 {
arg0 = \\"a\\"
arg1 = [
\\"b\\",
\\"c\\",
\\"d\\",
]
arg2 = 0
arg3 = [
1,
2,
3,
]
arg4 = true
arg5 = [
false,
true,
false,
]
arg6 = type.name.attr
arg7 = [
type.name.attr,
type.name.attr,
type.name.attr,
]
arg8 = type.name
arg9 = [
type.name,
type.name,
type.name,
]
arg10 = [
\\"e\\",
4,
true,
type.name.attr,
type.name,
]
arg11 = arg
arg12 = type.name.attr
arg13 = as is
arg14 = <<EOT
heredoc
EOT
arg15 = fn(1, 2, 3)
arg16 = fn(type.name.attr, type.name.attr, type.name.attr)
arg100 {
arg0 = \\"a\\"
arg1 = [
\\"b\\",
\\"c\\",
\\"d\\",
]
arg2 = 0
arg3 = [
1,
2,
3,
]
arg4 = true
arg5 = [
false,
true,
false,
]
arg6 = type.name.attr
arg7 = [
type.name.attr,
type.name.attr,
type.name.attr,
]
arg8 = type.name
arg9 = [
type.name,
type.name,
type.name,
]
arg10 = [
\\"e\\",
4,
true,
type.name.attr,
type.name,
]
arg11 = arg
arg12 = type.name.attr
arg13 = as is
arg14 = <<EOT
heredoc
EOT
arg15 = fn(1, 2, 3)
arg16 = fn(type.name.attr, type.name.attr, type.name.attr)
}
}
arg102 = {
arg0 = \\"a\\"
arg1 = [
\\"b\\",
\\"c\\",
\\"d\\",
]
arg2 = 0
arg3 = [
1,
2,
3,
]
arg4 = true
arg5 = [
false,
true,
false,
]
arg6 = type.name.attr
arg7 = [
type.name.attr,
type.name.attr,
type.name.attr,
]
arg8 = type.name
arg9 = [
type.name,
type.name,
type.name,
]
arg10 = [
\\"e\\",
4,
true,
type.name.attr,
type.name,
]
arg11 = arg
arg12 = type.name.attr
arg13 = as is
arg14 = <<EOT
heredoc
EOT
arg15 = fn(1, 2, 3)
arg16 = fn(type.name.attr, type.name.attr, type.name.attr)
arg100 {
arg0 = \\"a\\"
arg1 = [
\\"b\\",
\\"c\\",
\\"d\\",
]
arg2 = 0
arg3 = [
1,
2,
3,
]
arg4 = true
arg5 = [
false,
true,
false,
]
arg6 = type.name.attr
arg7 = [
type.name.attr,
type.name.attr,
type.name.attr,
]
arg8 = type.name
arg9 = [
type.name,
type.name,
type.name,
]
arg10 = [
\\"e\\",
4,
true,
type.name.attr,
type.name,
]
arg11 = arg
arg12 = type.name.attr
arg13 = as is
arg14 = <<EOT
heredoc
EOT
arg15 = fn(1, 2, 3)
arg16 = fn(type.name.attr, type.name.attr, type.name.attr)
}
arg101 {
arg0 = \\"a\\"
arg1 = [
\\"b\\",
\\"c\\",
\\"d\\",
]
arg2 = 0
arg3 = [
1,
2,
3,
]
arg4 = true
arg5 = [
false,
true,
false,
]
arg6 = type.name.attr
arg7 = [
type.name.attr,
type.name.attr,
type.name.attr,
]
arg8 = type.name
arg9 = [
type.name,
type.name,
type.name,
]
arg10 = [
\\"e\\",
4,
true,
type.name.attr,
type.name,
]
arg11 = arg
arg12 = type.name.attr
arg13 = as is
arg14 = <<EOT
heredoc
EOT
arg15 = fn(1, 2, 3)
arg16 = fn(type.name.attr, type.name.attr, type.name.attr)
arg100 {
arg0 = \\"a\\"
arg1 = [
\\"b\\",
\\"c\\",
\\"d\\",
]
arg2 = 0
arg3 = [
1,
2,
3,
]
arg4 = true
arg5 = [
false,
true,
false,
]
arg6 = type.name.attr
arg7 = [
type.name.attr,
type.name.attr,
type.name.attr,
]
arg8 = type.name
arg9 = [
type.name,
type.name,
type.name,
]
arg10 = [
\\"e\\",
4,
true,
type.name.attr,
type.name,
]
arg11 = arg
arg12 = type.name.attr
arg13 = as is
arg14 = <<EOT
heredoc
EOT
arg15 = fn(1, 2, 3)
arg16 = fn(type.name.attr, type.name.attr, type.name.attr)
}
}
arg101 {
arg0 = \\"a\\"
arg1 = [
\\"b\\",
\\"c\\",
\\"d\\",
]
arg2 = 0
arg3 = [
1,
2,
3,
]
arg4 = true
arg5 = [
false,
true,
false,
]
arg6 = type.name.attr
arg7 = [
type.name.attr,
type.name.attr,
type.name.attr,
]
arg8 = type.name
arg9 = [
type.name,
type.name,
type.name,
]
arg10 = [
\\"e\\",
4,
true,
type.name.attr,
type.name,
]
arg11 = arg
arg12 = type.name.attr
arg13 = as is
arg14 = <<EOT
heredoc
EOT
arg15 = fn(1, 2, 3)
arg16 = fn(type.name.attr, type.name.attr, type.name.attr)
arg100 {
arg0 = \\"a\\"
arg1 = [
\\"b\\",
\\"c\\",
\\"d\\",
]
arg2 = 0
arg3 = [
1,
2,
3,
]
arg4 = true
arg5 = [
false,
true,
false,
]
arg6 = type.name.attr
arg7 = [
type.name.attr,
type.name.attr,
type.name.attr,
]
arg8 = type.name
arg9 = [
type.name,
type.name,
type.name,
]
arg10 = [
\\"e\\",
4,
true,
type.name.attr,
type.name,
]
arg11 = arg
arg12 = type.name.attr
arg13 = as is
arg14 = <<EOT
heredoc
EOT
arg15 = fn(1, 2, 3)
arg16 = fn(type.name.attr, type.name.attr, type.name.attr)
}
}
arg101 {
arg0 = \\"a\\"
arg1 = [
\\"b\\",
\\"c\\",
\\"d\\",
]
arg2 = 0
arg3 = [
1,
2,
3,
]
arg4 = true
arg5 = [
false,
true,
false,
]
arg6 = type.name.attr
arg7 = [
type.name.attr,
type.name.attr,
type.name.attr,
]
arg8 = type.name
arg9 = [
type.name,
type.name,
type.name,
]
arg10 = [
\\"e\\",
4,
true,
type.name.attr,
type.name,
]
arg11 = arg
arg12 = type.name.attr
arg13 = as is
arg14 = <<EOT
heredoc
EOT
arg15 = fn(1, 2, 3)
arg16 = fn(type.name.attr, type.name.attr, type.name.attr)
arg100 {
arg0 = \\"a\\"
arg1 = [
\\"b\\",
\\"c\\",
\\"d\\",
]
arg2 = 0
arg3 = [
1,
2,
3,
]
arg4 = true
arg5 = [
false,
true,
false,
]
arg6 = type.name.attr
arg7 = [
type.name.attr,
type.name.attr,
type.name.attr,
]
arg8 = type.name
arg9 = [
type.name,
type.name,
type.name,
]
arg10 = [
\\"e\\",
4,
true,
type.name.attr,
type.name,
]
arg11 = arg
arg12 = type.name.attr
arg13 = as is
arg14 = <<EOT
heredoc
EOT
arg15 = fn(1, 2, 3)
arg16 = fn(type.name.attr, type.name.attr, type.name.attr)
}
}
}
}

"
`;
