// Jest Snapshot v1, https://goo.gl/fbAQLP

exports[`Module 1`] = `
"module &tfgquot;name&tfgquot;{
source = &tfgquot;source&tfgquot;
version = &tfgquot;1&tfgquot;
arg0 = &tfgquot;a&tfgquot;
arg1 = [
&tfgquot;b&tfgquot;,
&tfgquot;c&tfgquot;,
&tfgquot;d&tfgquot;
]
arg2 = 0
arg3 = [
1,
2,
3
]
arg4 = true
arg5 = [
false,
true,
false
]
arg6 = type.name.attr
arg7 = [
type.name.attr,
type.name.attr,
type.name.attr
]
arg8 = type.name
arg9 = [
type.name,
type.name,
type.name
]
arg10 = [
&tfgquot;e&tfgquot;,
4,
true,
type.name.attr,
type.name
]
arg11 = arg
arg12 = <<EOT
heredoc
EOT

arg13 = fn(1, 2, 3)
arg14 = fn(type.name.attr, type.name.attr, type.name.attr)
arg100 {
arg0 = &tfgquot;a&tfgquot;
arg1 = [
&tfgquot;b&tfgquot;,
&tfgquot;c&tfgquot;,
&tfgquot;d&tfgquot;
]
arg2 = 0
arg3 = [
1,
2,
3
]
arg4 = true
arg5 = [
false,
true,
false
]
arg6 = type.name.attr
arg7 = [
type.name.attr,
type.name.attr,
type.name.attr
]
arg8 = type.name
arg9 = [
type.name,
type.name,
type.name
]
arg10 = [
&tfgquot;e&tfgquot;,
4,
true,
type.name.attr,
type.name
]
arg11 = arg
arg12 = <<EOT
heredoc
EOT

arg13 = fn(1, 2, 3)
arg14 = fn(type.name.attr, type.name.attr, type.name.attr)
}
arg101 {
arg0 = &tfgquot;a&tfgquot;
arg1 = [
&tfgquot;b&tfgquot;,
&tfgquot;c&tfgquot;,
&tfgquot;d&tfgquot;
]
arg2 = 0
arg3 = [
1,
2,
3
]
arg4 = true
arg5 = [
false,
true,
false
]
arg6 = type.name.attr
arg7 = [
type.name.attr,
type.name.attr,
type.name.attr
]
arg8 = type.name
arg9 = [
type.name,
type.name,
type.name
]
arg10 = [
&tfgquot;e&tfgquot;,
4,
true,
type.name.attr,
type.name
]
arg11 = arg
arg12 = <<EOT
heredoc
EOT

arg13 = fn(1, 2, 3)
arg14 = fn(type.name.attr, type.name.attr, type.name.attr)
arg100 {
arg0 = &tfgquot;a&tfgquot;
arg1 = [
&tfgquot;b&tfgquot;,
&tfgquot;c&tfgquot;,
&tfgquot;d&tfgquot;
]
arg2 = 0
arg3 = [
1,
2,
3
]
arg4 = true
arg5 = [
false,
true,
false
]
arg6 = type.name.attr
arg7 = [
type.name.attr,
type.name.attr,
type.name.attr
]
arg8 = type.name
arg9 = [
type.name,
type.name,
type.name
]
arg10 = [
&tfgquot;e&tfgquot;,
4,
true,
type.name.attr,
type.name
]
arg11 = arg
arg12 = <<EOT
heredoc
EOT

arg13 = fn(1, 2, 3)
arg14 = fn(type.name.attr, type.name.attr, type.name.attr)
}
}
arg101 {
arg0 = &tfgquot;a&tfgquot;
arg1 = [
&tfgquot;b&tfgquot;,
&tfgquot;c&tfgquot;,
&tfgquot;d&tfgquot;
]
arg2 = 0
arg3 = [
1,
2,
3
]
arg4 = true
arg5 = [
false,
true,
false
]
arg6 = type.name.attr
arg7 = [
type.name.attr,
type.name.attr,
type.name.attr
]
arg8 = type.name
arg9 = [
type.name,
type.name,
type.name
]
arg10 = [
&tfgquot;e&tfgquot;,
4,
true,
type.name.attr,
type.name
]
arg11 = arg
arg12 = <<EOT
heredoc
EOT

arg13 = fn(1, 2, 3)
arg14 = fn(type.name.attr, type.name.attr, type.name.attr)
arg100 {
arg0 = &tfgquot;a&tfgquot;
arg1 = [
&tfgquot;b&tfgquot;,
&tfgquot;c&tfgquot;,
&tfgquot;d&tfgquot;
]
arg2 = 0
arg3 = [
1,
2,
3
]
arg4 = true
arg5 = [
false,
true,
false
]
arg6 = type.name.attr
arg7 = [
type.name.attr,
type.name.attr,
type.name.attr
]
arg8 = type.name
arg9 = [
type.name,
type.name,
type.name
]
arg10 = [
&tfgquot;e&tfgquot;,
4,
true,
type.name.attr,
type.name
]
arg11 = arg
arg12 = <<EOT
heredoc
EOT

arg13 = fn(1, 2, 3)
arg14 = fn(type.name.attr, type.name.attr, type.name.attr)
}
}
arg101 {
arg0 = &tfgquot;a&tfgquot;
arg1 = [
&tfgquot;b&tfgquot;,
&tfgquot;c&tfgquot;,
&tfgquot;d&tfgquot;
]
arg2 = 0
arg3 = [
1,
2,
3
]
arg4 = true
arg5 = [
false,
true,
false
]
arg6 = type.name.attr
arg7 = [
type.name.attr,
type.name.attr,
type.name.attr
]
arg8 = type.name
arg9 = [
type.name,
type.name,
type.name
]
arg10 = [
&tfgquot;e&tfgquot;,
4,
true,
type.name.attr,
type.name
]
arg11 = arg
arg12 = <<EOT
heredoc
EOT

arg13 = fn(1, 2, 3)
arg14 = fn(type.name.attr, type.name.attr, type.name.attr)
arg100 {
arg0 = &tfgquot;a&tfgquot;
arg1 = [
&tfgquot;b&tfgquot;,
&tfgquot;c&tfgquot;,
&tfgquot;d&tfgquot;
]
arg2 = 0
arg3 = [
1,
2,
3
]
arg4 = true
arg5 = [
false,
true,
false
]
arg6 = type.name.attr
arg7 = [
type.name.attr,
type.name.attr,
type.name.attr
]
arg8 = type.name
arg9 = [
type.name,
type.name,
type.name
]
arg10 = [
&tfgquot;e&tfgquot;,
4,
true,
type.name.attr,
type.name
]
arg11 = arg
arg12 = <<EOT
heredoc
EOT

arg13 = fn(1, 2, 3)
arg14 = fn(type.name.attr, type.name.attr, type.name.attr)
}
}
arg102 = {
arg0 = &tfgquot;a&tfgquot;
arg1 = [
&tfgquot;b&tfgquot;,
&tfgquot;c&tfgquot;,
&tfgquot;d&tfgquot;
]
arg2 = 0
arg3 = [
1,
2,
3
]
arg4 = true
arg5 = [
false,
true,
false
]
arg6 = type.name.attr
arg7 = [
type.name.attr,
type.name.attr,
type.name.attr
]
arg8 = type.name
arg9 = [
type.name,
type.name,
type.name
]
arg10 = [
&tfgquot;e&tfgquot;,
4,
true,
type.name.attr,
type.name
]
arg11 = arg
arg12 = <<EOT
heredoc
EOT

arg13 = fn(1, 2, 3)
arg14 = fn(type.name.attr, type.name.attr, type.name.attr)
arg100 {
arg0 = &tfgquot;a&tfgquot;
arg1 = [
&tfgquot;b&tfgquot;,
&tfgquot;c&tfgquot;,
&tfgquot;d&tfgquot;
]
arg2 = 0
arg3 = [
1,
2,
3
]
arg4 = true
arg5 = [
false,
true,
false
]
arg6 = type.name.attr
arg7 = [
type.name.attr,
type.name.attr,
type.name.attr
]
arg8 = type.name
arg9 = [
type.name,
type.name,
type.name
]
arg10 = [
&tfgquot;e&tfgquot;,
4,
true,
type.name.attr,
type.name
]
arg11 = arg
arg12 = <<EOT
heredoc
EOT

arg13 = fn(1, 2, 3)
arg14 = fn(type.name.attr, type.name.attr, type.name.attr)
}
arg101 {
arg0 = &tfgquot;a&tfgquot;
arg1 = [
&tfgquot;b&tfgquot;,
&tfgquot;c&tfgquot;,
&tfgquot;d&tfgquot;
]
arg2 = 0
arg3 = [
1,
2,
3
]
arg4 = true
arg5 = [
false,
true,
false
]
arg6 = type.name.attr
arg7 = [
type.name.attr,
type.name.attr,
type.name.attr
]
arg8 = type.name
arg9 = [
type.name,
type.name,
type.name
]
arg10 = [
&tfgquot;e&tfgquot;,
4,
true,
type.name.attr,
type.name
]
arg11 = arg
arg12 = <<EOT
heredoc
EOT

arg13 = fn(1, 2, 3)
arg14 = fn(type.name.attr, type.name.attr, type.name.attr)
arg100 {
arg0 = &tfgquot;a&tfgquot;
arg1 = [
&tfgquot;b&tfgquot;,
&tfgquot;c&tfgquot;,
&tfgquot;d&tfgquot;
]
arg2 = 0
arg3 = [
1,
2,
3
]
arg4 = true
arg5 = [
false,
true,
false
]
arg6 = type.name.attr
arg7 = [
type.name.attr,
type.name.attr,
type.name.attr
]
arg8 = type.name
arg9 = [
type.name,
type.name,
type.name
]
arg10 = [
&tfgquot;e&tfgquot;,
4,
true,
type.name.attr,
type.name
]
arg11 = arg
arg12 = <<EOT
heredoc
EOT

arg13 = fn(1, 2, 3)
arg14 = fn(type.name.attr, type.name.attr, type.name.attr)
}
}
arg101 {
arg0 = &tfgquot;a&tfgquot;
arg1 = [
&tfgquot;b&tfgquot;,
&tfgquot;c&tfgquot;,
&tfgquot;d&tfgquot;
]
arg2 = 0
arg3 = [
1,
2,
3
]
arg4 = true
arg5 = [
false,
true,
false
]
arg6 = type.name.attr
arg7 = [
type.name.attr,
type.name.attr,
type.name.attr
]
arg8 = type.name
arg9 = [
type.name,
type.name,
type.name
]
arg10 = [
&tfgquot;e&tfgquot;,
4,
true,
type.name.attr,
type.name
]
arg11 = arg
arg12 = <<EOT
heredoc
EOT

arg13 = fn(1, 2, 3)
arg14 = fn(type.name.attr, type.name.attr, type.name.attr)
arg100 {
arg0 = &tfgquot;a&tfgquot;
arg1 = [
&tfgquot;b&tfgquot;,
&tfgquot;c&tfgquot;,
&tfgquot;d&tfgquot;
]
arg2 = 0
arg3 = [
1,
2,
3
]
arg4 = true
arg5 = [
false,
true,
false
]
arg6 = type.name.attr
arg7 = [
type.name.attr,
type.name.attr,
type.name.attr
]
arg8 = type.name
arg9 = [
type.name,
type.name,
type.name
]
arg10 = [
&tfgquot;e&tfgquot;,
4,
true,
type.name.attr,
type.name
]
arg11 = arg
arg12 = <<EOT
heredoc
EOT

arg13 = fn(1, 2, 3)
arg14 = fn(type.name.attr, type.name.attr, type.name.attr)
}
}
arg101 {
arg0 = &tfgquot;a&tfgquot;
arg1 = [
&tfgquot;b&tfgquot;,
&tfgquot;c&tfgquot;,
&tfgquot;d&tfgquot;
]
arg2 = 0
arg3 = [
1,
2,
3
]
arg4 = true
arg5 = [
false,
true,
false
]
arg6 = type.name.attr
arg7 = [
type.name.attr,
type.name.attr,
type.name.attr
]
arg8 = type.name
arg9 = [
type.name,
type.name,
type.name
]
arg10 = [
&tfgquot;e&tfgquot;,
4,
true,
type.name.attr,
type.name
]
arg11 = arg
arg12 = <<EOT
heredoc
EOT

arg13 = fn(1, 2, 3)
arg14 = fn(type.name.attr, type.name.attr, type.name.attr)
arg100 {
arg0 = &tfgquot;a&tfgquot;
arg1 = [
&tfgquot;b&tfgquot;,
&tfgquot;c&tfgquot;,
&tfgquot;d&tfgquot;
]
arg2 = 0
arg3 = [
1,
2,
3
]
arg4 = true
arg5 = [
false,
true,
false
]
arg6 = type.name.attr
arg7 = [
type.name.attr,
type.name.attr,
type.name.attr
]
arg8 = type.name
arg9 = [
type.name,
type.name,
type.name
]
arg10 = [
&tfgquot;e&tfgquot;,
4,
true,
type.name.attr,
type.name
]
arg11 = arg
arg12 = <<EOT
heredoc
EOT

arg13 = fn(1, 2, 3)
arg14 = fn(type.name.attr, type.name.attr, type.name.attr)
}
}
}
arg103 = [
{
arg0 = &tfgquot;a&tfgquot;
arg1 = [
&tfgquot;b&tfgquot;,
&tfgquot;c&tfgquot;,
&tfgquot;d&tfgquot;
]
arg2 = 0
arg3 = [
1,
2,
3
]
arg4 = true
arg5 = [
false,
true,
false
]
arg6 = type.name.attr
arg7 = [
type.name.attr,
type.name.attr,
type.name.attr
]
arg8 = type.name
arg9 = [
type.name,
type.name,
type.name
]
arg10 = [
&tfgquot;e&tfgquot;,
4,
true,
type.name.attr,
type.name
]
arg11 = arg
arg12 = <<EOT
heredoc
EOT

arg13 = fn(1, 2, 3)
arg14 = fn(type.name.attr, type.name.attr, type.name.attr)
arg100 {
arg0 = &tfgquot;a&tfgquot;
arg1 = [
&tfgquot;b&tfgquot;,
&tfgquot;c&tfgquot;,
&tfgquot;d&tfgquot;
]
arg2 = 0
arg3 = [
1,
2,
3
]
arg4 = true
arg5 = [
false,
true,
false
]
arg6 = type.name.attr
arg7 = [
type.name.attr,
type.name.attr,
type.name.attr
]
arg8 = type.name
arg9 = [
type.name,
type.name,
type.name
]
arg10 = [
&tfgquot;e&tfgquot;,
4,
true,
type.name.attr,
type.name
]
arg11 = arg
arg12 = <<EOT
heredoc
EOT

arg13 = fn(1, 2, 3)
arg14 = fn(type.name.attr, type.name.attr, type.name.attr)
}
arg101 {
arg0 = &tfgquot;a&tfgquot;
arg1 = [
&tfgquot;b&tfgquot;,
&tfgquot;c&tfgquot;,
&tfgquot;d&tfgquot;
]
arg2 = 0
arg3 = [
1,
2,
3
]
arg4 = true
arg5 = [
false,
true,
false
]
arg6 = type.name.attr
arg7 = [
type.name.attr,
type.name.attr,
type.name.attr
]
arg8 = type.name
arg9 = [
type.name,
type.name,
type.name
]
arg10 = [
&tfgquot;e&tfgquot;,
4,
true,
type.name.attr,
type.name
]
arg11 = arg
arg12 = <<EOT
heredoc
EOT

arg13 = fn(1, 2, 3)
arg14 = fn(type.name.attr, type.name.attr, type.name.attr)
arg100 {
arg0 = &tfgquot;a&tfgquot;
arg1 = [
&tfgquot;b&tfgquot;,
&tfgquot;c&tfgquot;,
&tfgquot;d&tfgquot;
]
arg2 = 0
arg3 = [
1,
2,
3
]
arg4 = true
arg5 = [
false,
true,
false
]
arg6 = type.name.attr
arg7 = [
type.name.attr,
type.name.attr,
type.name.attr
]
arg8 = type.name
arg9 = [
type.name,
type.name,
type.name
]
arg10 = [
&tfgquot;e&tfgquot;,
4,
true,
type.name.attr,
type.name
]
arg11 = arg
arg12 = <<EOT
heredoc
EOT

arg13 = fn(1, 2, 3)
arg14 = fn(type.name.attr, type.name.attr, type.name.attr)
}
}
arg101 {
arg0 = &tfgquot;a&tfgquot;
arg1 = [
&tfgquot;b&tfgquot;,
&tfgquot;c&tfgquot;,
&tfgquot;d&tfgquot;
]
arg2 = 0
arg3 = [
1,
2,
3
]
arg4 = true
arg5 = [
false,
true,
false
]
arg6 = type.name.attr
arg7 = [
type.name.attr,
type.name.attr,
type.name.attr
]
arg8 = type.name
arg9 = [
type.name,
type.name,
type.name
]
arg10 = [
&tfgquot;e&tfgquot;,
4,
true,
type.name.attr,
type.name
]
arg11 = arg
arg12 = <<EOT
heredoc
EOT

arg13 = fn(1, 2, 3)
arg14 = fn(type.name.attr, type.name.attr, type.name.attr)
arg100 {
arg0 = &tfgquot;a&tfgquot;
arg1 = [
&tfgquot;b&tfgquot;,
&tfgquot;c&tfgquot;,
&tfgquot;d&tfgquot;
]
arg2 = 0
arg3 = [
1,
2,
3
]
arg4 = true
arg5 = [
false,
true,
false
]
arg6 = type.name.attr
arg7 = [
type.name.attr,
type.name.attr,
type.name.attr
]
arg8 = type.name
arg9 = [
type.name,
type.name,
type.name
]
arg10 = [
&tfgquot;e&tfgquot;,
4,
true,
type.name.attr,
type.name
]
arg11 = arg
arg12 = <<EOT
heredoc
EOT

arg13 = fn(1, 2, 3)
arg14 = fn(type.name.attr, type.name.attr, type.name.attr)
}
}
arg101 {
arg0 = &tfgquot;a&tfgquot;
arg1 = [
&tfgquot;b&tfgquot;,
&tfgquot;c&tfgquot;,
&tfgquot;d&tfgquot;
]
arg2 = 0
arg3 = [
1,
2,
3
]
arg4 = true
arg5 = [
false,
true,
false
]
arg6 = type.name.attr
arg7 = [
type.name.attr,
type.name.attr,
type.name.attr
]
arg8 = type.name
arg9 = [
type.name,
type.name,
type.name
]
arg10 = [
&tfgquot;e&tfgquot;,
4,
true,
type.name.attr,
type.name
]
arg11 = arg
arg12 = <<EOT
heredoc
EOT

arg13 = fn(1, 2, 3)
arg14 = fn(type.name.attr, type.name.attr, type.name.attr)
arg100 {
arg0 = &tfgquot;a&tfgquot;
arg1 = [
&tfgquot;b&tfgquot;,
&tfgquot;c&tfgquot;,
&tfgquot;d&tfgquot;
]
arg2 = 0
arg3 = [
1,
2,
3
]
arg4 = true
arg5 = [
false,
true,
false
]
arg6 = type.name.attr
arg7 = [
type.name.attr,
type.name.attr,
type.name.attr
]
arg8 = type.name
arg9 = [
type.name,
type.name,
type.name
]
arg10 = [
&tfgquot;e&tfgquot;,
4,
true,
type.name.attr,
type.name
]
arg11 = arg
arg12 = <<EOT
heredoc
EOT

arg13 = fn(1, 2, 3)
arg14 = fn(type.name.attr, type.name.attr, type.name.attr)
}
}
},
{
arg0 = &tfgquot;a&tfgquot;
arg1 = [
&tfgquot;b&tfgquot;,
&tfgquot;c&tfgquot;,
&tfgquot;d&tfgquot;
]
arg2 = 0
arg3 = [
1,
2,
3
]
arg4 = true
arg5 = [
false,
true,
false
]
arg6 = type.name.attr
arg7 = [
type.name.attr,
type.name.attr,
type.name.attr
]
arg8 = type.name
arg9 = [
type.name,
type.name,
type.name
]
arg10 = [
&tfgquot;e&tfgquot;,
4,
true,
type.name.attr,
type.name
]
arg11 = arg
arg12 = <<EOT
heredoc
EOT

arg13 = fn(1, 2, 3)
arg14 = fn(type.name.attr, type.name.attr, type.name.attr)
arg100 {
arg0 = &tfgquot;a&tfgquot;
arg1 = [
&tfgquot;b&tfgquot;,
&tfgquot;c&tfgquot;,
&tfgquot;d&tfgquot;
]
arg2 = 0
arg3 = [
1,
2,
3
]
arg4 = true
arg5 = [
false,
true,
false
]
arg6 = type.name.attr
arg7 = [
type.name.attr,
type.name.attr,
type.name.attr
]
arg8 = type.name
arg9 = [
type.name,
type.name,
type.name
]
arg10 = [
&tfgquot;e&tfgquot;,
4,
true,
type.name.attr,
type.name
]
arg11 = arg
arg12 = <<EOT
heredoc
EOT

arg13 = fn(1, 2, 3)
arg14 = fn(type.name.attr, type.name.attr, type.name.attr)
}
arg101 {
arg0 = &tfgquot;a&tfgquot;
arg1 = [
&tfgquot;b&tfgquot;,
&tfgquot;c&tfgquot;,
&tfgquot;d&tfgquot;
]
arg2 = 0
arg3 = [
1,
2,
3
]
arg4 = true
arg5 = [
false,
true,
false
]
arg6 = type.name.attr
arg7 = [
type.name.attr,
type.name.attr,
type.name.attr
]
arg8 = type.name
arg9 = [
type.name,
type.name,
type.name
]
arg10 = [
&tfgquot;e&tfgquot;,
4,
true,
type.name.attr,
type.name
]
arg11 = arg
arg12 = <<EOT
heredoc
EOT

arg13 = fn(1, 2, 3)
arg14 = fn(type.name.attr, type.name.attr, type.name.attr)
arg100 {
arg0 = &tfgquot;a&tfgquot;
arg1 = [
&tfgquot;b&tfgquot;,
&tfgquot;c&tfgquot;,
&tfgquot;d&tfgquot;
]
arg2 = 0
arg3 = [
1,
2,
3
]
arg4 = true
arg5 = [
false,
true,
false
]
arg6 = type.name.attr
arg7 = [
type.name.attr,
type.name.attr,
type.name.attr
]
arg8 = type.name
arg9 = [
type.name,
type.name,
type.name
]
arg10 = [
&tfgquot;e&tfgquot;,
4,
true,
type.name.attr,
type.name
]
arg11 = arg
arg12 = <<EOT
heredoc
EOT

arg13 = fn(1, 2, 3)
arg14 = fn(type.name.attr, type.name.attr, type.name.attr)
}
}
arg101 {
arg0 = &tfgquot;a&tfgquot;
arg1 = [
&tfgquot;b&tfgquot;,
&tfgquot;c&tfgquot;,
&tfgquot;d&tfgquot;
]
arg2 = 0
arg3 = [
1,
2,
3
]
arg4 = true
arg5 = [
false,
true,
false
]
arg6 = type.name.attr
arg7 = [
type.name.attr,
type.name.attr,
type.name.attr
]
arg8 = type.name
arg9 = [
type.name,
type.name,
type.name
]
arg10 = [
&tfgquot;e&tfgquot;,
4,
true,
type.name.attr,
type.name
]
arg11 = arg
arg12 = <<EOT
heredoc
EOT

arg13 = fn(1, 2, 3)
arg14 = fn(type.name.attr, type.name.attr, type.name.attr)
arg100 {
arg0 = &tfgquot;a&tfgquot;
arg1 = [
&tfgquot;b&tfgquot;,
&tfgquot;c&tfgquot;,
&tfgquot;d&tfgquot;
]
arg2 = 0
arg3 = [
1,
2,
3
]
arg4 = true
arg5 = [
false,
true,
false
]
arg6 = type.name.attr
arg7 = [
type.name.attr,
type.name.attr,
type.name.attr
]
arg8 = type.name
arg9 = [
type.name,
type.name,
type.name
]
arg10 = [
&tfgquot;e&tfgquot;,
4,
true,
type.name.attr,
type.name
]
arg11 = arg
arg12 = <<EOT
heredoc
EOT

arg13 = fn(1, 2, 3)
arg14 = fn(type.name.attr, type.name.attr, type.name.attr)
}
}
arg101 {
arg0 = &tfgquot;a&tfgquot;
arg1 = [
&tfgquot;b&tfgquot;,
&tfgquot;c&tfgquot;,
&tfgquot;d&tfgquot;
]
arg2 = 0
arg3 = [
1,
2,
3
]
arg4 = true
arg5 = [
false,
true,
false
]
arg6 = type.name.attr
arg7 = [
type.name.attr,
type.name.attr,
type.name.attr
]
arg8 = type.name
arg9 = [
type.name,
type.name,
type.name
]
arg10 = [
&tfgquot;e&tfgquot;,
4,
true,
type.name.attr,
type.name
]
arg11 = arg
arg12 = <<EOT
heredoc
EOT

arg13 = fn(1, 2, 3)
arg14 = fn(type.name.attr, type.name.attr, type.name.attr)
arg100 {
arg0 = &tfgquot;a&tfgquot;
arg1 = [
&tfgquot;b&tfgquot;,
&tfgquot;c&tfgquot;,
&tfgquot;d&tfgquot;
]
arg2 = 0
arg3 = [
1,
2,
3
]
arg4 = true
arg5 = [
false,
true,
false
]
arg6 = type.name.attr
arg7 = [
type.name.attr,
type.name.attr,
type.name.attr
]
arg8 = type.name
arg9 = [
type.name,
type.name,
type.name
]
arg10 = [
&tfgquot;e&tfgquot;,
4,
true,
type.name.attr,
type.name
]
arg11 = arg
arg12 = <<EOT
heredoc
EOT

arg13 = fn(1, 2, 3)
arg14 = fn(type.name.attr, type.name.attr, type.name.attr)
}
}
},
{
arg0 = &tfgquot;a&tfgquot;
arg1 = [
&tfgquot;b&tfgquot;,
&tfgquot;c&tfgquot;,
&tfgquot;d&tfgquot;
]
arg2 = 0
arg3 = [
1,
2,
3
]
arg4 = true
arg5 = [
false,
true,
false
]
arg6 = type.name.attr
arg7 = [
type.name.attr,
type.name.attr,
type.name.attr
]
arg8 = type.name
arg9 = [
type.name,
type.name,
type.name
]
arg10 = [
&tfgquot;e&tfgquot;,
4,
true,
type.name.attr,
type.name
]
arg11 = arg
arg12 = <<EOT
heredoc
EOT

arg13 = fn(1, 2, 3)
arg14 = fn(type.name.attr, type.name.attr, type.name.attr)
arg100 {
arg0 = &tfgquot;a&tfgquot;
arg1 = [
&tfgquot;b&tfgquot;,
&tfgquot;c&tfgquot;,
&tfgquot;d&tfgquot;
]
arg2 = 0
arg3 = [
1,
2,
3
]
arg4 = true
arg5 = [
false,
true,
false
]
arg6 = type.name.attr
arg7 = [
type.name.attr,
type.name.attr,
type.name.attr
]
arg8 = type.name
arg9 = [
type.name,
type.name,
type.name
]
arg10 = [
&tfgquot;e&tfgquot;,
4,
true,
type.name.attr,
type.name
]
arg11 = arg
arg12 = <<EOT
heredoc
EOT

arg13 = fn(1, 2, 3)
arg14 = fn(type.name.attr, type.name.attr, type.name.attr)
}
arg101 {
arg0 = &tfgquot;a&tfgquot;
arg1 = [
&tfgquot;b&tfgquot;,
&tfgquot;c&tfgquot;,
&tfgquot;d&tfgquot;
]
arg2 = 0
arg3 = [
1,
2,
3
]
arg4 = true
arg5 = [
false,
true,
false
]
arg6 = type.name.attr
arg7 = [
type.name.attr,
type.name.attr,
type.name.attr
]
arg8 = type.name
arg9 = [
type.name,
type.name,
type.name
]
arg10 = [
&tfgquot;e&tfgquot;,
4,
true,
type.name.attr,
type.name
]
arg11 = arg
arg12 = <<EOT
heredoc
EOT

arg13 = fn(1, 2, 3)
arg14 = fn(type.name.attr, type.name.attr, type.name.attr)
arg100 {
arg0 = &tfgquot;a&tfgquot;
arg1 = [
&tfgquot;b&tfgquot;,
&tfgquot;c&tfgquot;,
&tfgquot;d&tfgquot;
]
arg2 = 0
arg3 = [
1,
2,
3
]
arg4 = true
arg5 = [
false,
true,
false
]
arg6 = type.name.attr
arg7 = [
type.name.attr,
type.name.attr,
type.name.attr
]
arg8 = type.name
arg9 = [
type.name,
type.name,
type.name
]
arg10 = [
&tfgquot;e&tfgquot;,
4,
true,
type.name.attr,
type.name
]
arg11 = arg
arg12 = <<EOT
heredoc
EOT

arg13 = fn(1, 2, 3)
arg14 = fn(type.name.attr, type.name.attr, type.name.attr)
}
}
arg101 {
arg0 = &tfgquot;a&tfgquot;
arg1 = [
&tfgquot;b&tfgquot;,
&tfgquot;c&tfgquot;,
&tfgquot;d&tfgquot;
]
arg2 = 0
arg3 = [
1,
2,
3
]
arg4 = true
arg5 = [
false,
true,
false
]
arg6 = type.name.attr
arg7 = [
type.name.attr,
type.name.attr,
type.name.attr
]
arg8 = type.name
arg9 = [
type.name,
type.name,
type.name
]
arg10 = [
&tfgquot;e&tfgquot;,
4,
true,
type.name.attr,
type.name
]
arg11 = arg
arg12 = <<EOT
heredoc
EOT

arg13 = fn(1, 2, 3)
arg14 = fn(type.name.attr, type.name.attr, type.name.attr)
arg100 {
arg0 = &tfgquot;a&tfgquot;
arg1 = [
&tfgquot;b&tfgquot;,
&tfgquot;c&tfgquot;,
&tfgquot;d&tfgquot;
]
arg2 = 0
arg3 = [
1,
2,
3
]
arg4 = true
arg5 = [
false,
true,
false
]
arg6 = type.name.attr
arg7 = [
type.name.attr,
type.name.attr,
type.name.attr
]
arg8 = type.name
arg9 = [
type.name,
type.name,
type.name
]
arg10 = [
&tfgquot;e&tfgquot;,
4,
true,
type.name.attr,
type.name
]
arg11 = arg
arg12 = <<EOT
heredoc
EOT

arg13 = fn(1, 2, 3)
arg14 = fn(type.name.attr, type.name.attr, type.name.attr)
}
}
arg101 {
arg0 = &tfgquot;a&tfgquot;
arg1 = [
&tfgquot;b&tfgquot;,
&tfgquot;c&tfgquot;,
&tfgquot;d&tfgquot;
]
arg2 = 0
arg3 = [
1,
2,
3
]
arg4 = true
arg5 = [
false,
true,
false
]
arg6 = type.name.attr
arg7 = [
type.name.attr,
type.name.attr,
type.name.attr
]
arg8 = type.name
arg9 = [
type.name,
type.name,
type.name
]
arg10 = [
&tfgquot;e&tfgquot;,
4,
true,
type.name.attr,
type.name
]
arg11 = arg
arg12 = <<EOT
heredoc
EOT

arg13 = fn(1, 2, 3)
arg14 = fn(type.name.attr, type.name.attr, type.name.attr)
arg100 {
arg0 = &tfgquot;a&tfgquot;
arg1 = [
&tfgquot;b&tfgquot;,
&tfgquot;c&tfgquot;,
&tfgquot;d&tfgquot;
]
arg2 = 0
arg3 = [
1,
2,
3
]
arg4 = true
arg5 = [
false,
true,
false
]
arg6 = type.name.attr
arg7 = [
type.name.attr,
type.name.attr,
type.name.attr
]
arg8 = type.name
arg9 = [
type.name,
type.name,
type.name
]
arg10 = [
&tfgquot;e&tfgquot;,
4,
true,
type.name.attr,
type.name
]
arg11 = arg
arg12 = <<EOT
heredoc
EOT

arg13 = fn(1, 2, 3)
arg14 = fn(type.name.attr, type.name.attr, type.name.attr)
}
}
}
]
}

"
`;

exports[`Module 2`] = `"module.name"`;

exports[`Module 3`] = `"module.name.attr"`;
