// Jest Snapshot v1, https://goo.gl/fbAQLP

exports[`Output 1`] = `
"output &tfgquot;name&tfgquot;{
value = &tfgquot;value&tfgquot;
}

"
`;
